// Vitest Snapshot v1, https://vitest.dev/guide/snapshot.html

exports[`dilution 1`] = `
[
  {
    "elements": [
      {
        "dilution": {
          "factor": 10,
          "solvent": "Nitric acid 2%",
        },
        "element": "Al",
        "experimentalConcentration": {
          "units": "mg/l",
          "value": 0,
        },
        "sampleConcentration": {
          "units": "mg/l",
          "value": 0,
        },
        "wavelength": {
          "units": "nm",
          "value": 308.215,
        },
      },
      {
        "dilution": {
          "factor": 10,
          "solvent": "Nitric acid 2%",
        },
        "element": "Al",
        "experimentalConcentration": {
          "units": "mg/l",
          "value": 0,
        },
        "sampleConcentration": {
          "units": "mg/l",
          "value": 0,
        },
        "wavelength": {
          "units": "nm",
          "value": 309.271,
        },
      },
      {
        "dilution": {
          "factor": 10,
          "solvent": "Nitric acid 2%",
        },
        "element": "Al",
        "experimentalConcentration": {
          "units": "mg/l",
          "value": 0,
        },
        "sampleConcentration": {
          "units": "mg/l",
          "value": 0,
        },
        "wavelength": {
          "units": "nm",
          "value": 396.152,
        },
      },
      {
        "dilution": {
          "factor": 10,
          "solvent": "Nitric acid 2%",
        },
        "element": "Cu",
        "experimentalConcentration": {
          "units": "mg/l",
          "value": 0,
        },
        "sampleConcentration": {
          "units": "mg/l",
          "value": 0,
        },
        "wavelength": {
          "units": "nm",
          "value": 213.598,
        },
      },
      {
        "dilution": {
          "factor": 10,
          "solvent": "Nitric acid 2%",
        },
        "element": "Cu",
        "experimentalConcentration": {
          "units": "mg/l",
          "value": 0,
        },
        "sampleConcentration": {
          "units": "mg/l",
          "value": 0,
        },
        "wavelength": {
          "units": "nm",
          "value": 324.754,
        },
      },
      {
        "dilution": {
          "factor": 10,
          "solvent": "Nitric acid 2%",
        },
        "element": "Cu",
        "experimentalConcentration": {
          "units": "mg/l",
          "value": 0,
        },
        "sampleConcentration": {
          "units": "mg/l",
          "value": 0,
        },
        "wavelength": {
          "units": "nm",
          "value": 327.395,
        },
      },
    ],
    "reference": "Blank",
  },
  {
    "elements": [
      {
        "dilution": {
          "factor": 10,
          "solvent": "Nitric acid 2%",
        },
        "element": "Al",
        "experimentalConcentration": {
          "units": "mg/l",
          "value": 0.01,
        },
        "sampleConcentration": {
          "units": "mg/l",
          "value": 0.1,
        },
        "wavelength": {
          "units": "nm",
          "value": 308.215,
        },
      },
      {
        "dilution": {
          "factor": 10,
          "solvent": "Nitric acid 2%",
        },
        "element": "Al",
        "experimentalConcentration": {
          "units": "mg/l",
          "value": 0.01,
        },
        "sampleConcentration": {
          "units": "mg/l",
          "value": 0.1,
        },
        "wavelength": {
          "units": "nm",
          "value": 309.271,
        },
      },
      {
        "dilution": {
          "factor": 10,
          "solvent": "Nitric acid 2%",
        },
        "element": "Al",
        "experimentalConcentration": {
          "units": "mg/l",
          "value": 0.01,
        },
        "sampleConcentration": {
          "units": "mg/l",
          "value": 0.1,
        },
        "wavelength": {
          "units": "nm",
          "value": 396.152,
        },
      },
      {
        "dilution": {
          "factor": 10,
          "solvent": "Nitric acid 2%",
        },
        "element": "Cu",
        "experimentalConcentration": {
          "units": "mg/l",
          "value": NaN,
        },
        "sampleConcentration": {
          "units": "mg/l",
          "value": NaN,
        },
        "wavelength": {
          "units": "nm",
          "value": 213.598,
        },
      },
      {
        "dilution": {
          "factor": 10,
          "solvent": "Nitric acid 2%",
        },
        "element": "Cu",
        "experimentalConcentration": {
          "units": "mg/l",
          "value": NaN,
        },
        "sampleConcentration": {
          "units": "mg/l",
          "value": NaN,
        },
        "wavelength": {
          "units": "nm",
          "value": 324.754,
        },
      },
      {
        "dilution": {
          "factor": 10,
          "solvent": "Nitric acid 2%",
        },
        "element": "Cu",
        "experimentalConcentration": {
          "units": "mg/l",
          "value": NaN,
        },
        "sampleConcentration": {
          "units": "mg/l",
          "value": NaN,
        },
        "wavelength": {
          "units": "nm",
          "value": 327.395,
        },
      },
    ],
    "reference": "Standard 1",
  },
  {
    "elements": [
      {
        "dilution": {
          "factor": 10,
          "solvent": "Nitric acid 2%",
        },
        "element": "Al",
        "experimentalConcentration": {
          "units": "mg/l",
          "value": 0.05,
        },
        "sampleConcentration": {
          "units": "mg/l",
          "value": 0.5,
        },
        "wavelength": {
          "units": "nm",
          "value": 308.215,
        },
      },
      {
        "dilution": {
          "factor": 10,
          "solvent": "Nitric acid 2%",
        },
        "element": "Al",
        "experimentalConcentration": {
          "units": "mg/l",
          "value": 0.05,
        },
        "sampleConcentration": {
          "units": "mg/l",
          "value": 0.5,
        },
        "wavelength": {
          "units": "nm",
          "value": 309.271,
        },
      },
      {
        "dilution": {
          "factor": 10,
          "solvent": "Nitric acid 2%",
        },
        "element": "Al",
        "experimentalConcentration": {
          "units": "mg/l",
          "value": 0.05,
        },
        "sampleConcentration": {
          "units": "mg/l",
          "value": 0.5,
        },
        "wavelength": {
          "units": "nm",
          "value": 396.152,
        },
      },
      {
        "dilution": {
          "factor": 10,
          "solvent": "Nitric acid 2%",
        },
        "element": "Cu",
        "experimentalConcentration": {
          "units": "mg/l",
          "value": NaN,
        },
        "sampleConcentration": {
          "units": "mg/l",
          "value": NaN,
        },
        "wavelength": {
          "units": "nm",
          "value": 213.598,
        },
      },
      {
        "dilution": {
          "factor": 10,
          "solvent": "Nitric acid 2%",
        },
        "element": "Cu",
        "experimentalConcentration": {
          "units": "mg/l",
          "value": NaN,
        },
        "sampleConcentration": {
          "units": "mg/l",
          "value": NaN,
        },
        "wavelength": {
          "units": "nm",
          "value": 324.754,
        },
      },
      {
        "dilution": {
          "factor": 10,
          "solvent": "Nitric acid 2%",
        },
        "element": "Cu",
        "experimentalConcentration": {
          "units": "mg/l",
          "value": NaN,
        },
        "sampleConcentration": {
          "units": "mg/l",
          "value": NaN,
        },
        "wavelength": {
          "units": "nm",
          "value": 327.395,
        },
      },
    ],
    "reference": "Standard 2",
  },
  {
    "elements": [
      {
        "dilution": {
          "factor": 10,
          "solvent": "Nitric acid 2%",
        },
        "element": "Al",
        "experimentalConcentration": {
          "units": "mg/l",
          "value": 0.1,
        },
        "sampleConcentration": {
          "units": "mg/l",
          "value": 1,
        },
        "wavelength": {
          "units": "nm",
          "value": 308.215,
        },
      },
      {
        "dilution": {
          "factor": 10,
          "solvent": "Nitric acid 2%",
        },
        "element": "Al",
        "experimentalConcentration": {
          "units": "mg/l",
          "value": 0.1,
        },
        "sampleConcentration": {
          "units": "mg/l",
          "value": 1,
        },
        "wavelength": {
          "units": "nm",
          "value": 309.271,
        },
      },
      {
        "dilution": {
          "factor": 10,
          "solvent": "Nitric acid 2%",
        },
        "element": "Al",
        "experimentalConcentration": {
          "units": "mg/l",
          "value": 0.1,
        },
        "sampleConcentration": {
          "units": "mg/l",
          "value": 1,
        },
        "wavelength": {
          "units": "nm",
          "value": 396.152,
        },
      },
      {
        "dilution": {
          "factor": 10,
          "solvent": "Nitric acid 2%",
        },
        "element": "Cu",
        "experimentalConcentration": {
          "units": "mg/l",
          "value": NaN,
        },
        "sampleConcentration": {
          "units": "mg/l",
          "value": NaN,
        },
        "wavelength": {
          "units": "nm",
          "value": 213.598,
        },
      },
      {
        "dilution": {
          "factor": 10,
          "solvent": "Nitric acid 2%",
        },
        "element": "Cu",
        "experimentalConcentration": {
          "units": "mg/l",
          "value": NaN,
        },
        "sampleConcentration": {
          "units": "mg/l",
          "value": NaN,
        },
        "wavelength": {
          "units": "nm",
          "value": 324.754,
        },
      },
      {
        "dilution": {
          "factor": 10,
          "solvent": "Nitric acid 2%",
        },
        "element": "Cu",
        "experimentalConcentration": {
          "units": "mg/l",
          "value": NaN,
        },
        "sampleConcentration": {
          "units": "mg/l",
          "value": NaN,
        },
        "wavelength": {
          "units": "nm",
          "value": 327.395,
        },
      },
    ],
    "reference": "Standard 3",
  },
  {
    "elements": [
      {
        "dilution": {
          "factor": 10,
          "solvent": "Nitric acid 2%",
        },
        "element": "Al",
        "experimentalConcentration": {
          "units": "mg/l",
          "value": 0.5,
        },
        "sampleConcentration": {
          "units": "mg/l",
          "value": 5,
        },
        "wavelength": {
          "units": "nm",
          "value": 308.215,
        },
      },
      {
        "dilution": {
          "factor": 10,
          "solvent": "Nitric acid 2%",
        },
        "element": "Al",
        "experimentalConcentration": {
          "units": "mg/l",
          "value": 0.5,
        },
        "sampleConcentration": {
          "units": "mg/l",
          "value": 5,
        },
        "wavelength": {
          "units": "nm",
          "value": 309.271,
        },
      },
      {
        "dilution": {
          "factor": 10,
          "solvent": "Nitric acid 2%",
        },
        "element": "Al",
        "experimentalConcentration": {
          "units": "mg/l",
          "value": 0.5,
        },
        "sampleConcentration": {
          "units": "mg/l",
          "value": 5,
        },
        "wavelength": {
          "units": "nm",
          "value": 396.152,
        },
      },
      {
        "dilution": {
          "factor": 10,
          "solvent": "Nitric acid 2%",
        },
        "element": "Cu",
        "experimentalConcentration": {
          "units": "mg/l",
          "value": NaN,
        },
        "sampleConcentration": {
          "units": "mg/l",
          "value": NaN,
        },
        "wavelength": {
          "units": "nm",
          "value": 213.598,
        },
      },
      {
        "dilution": {
          "factor": 10,
          "solvent": "Nitric acid 2%",
        },
        "element": "Cu",
        "experimentalConcentration": {
          "units": "mg/l",
          "value": NaN,
        },
        "sampleConcentration": {
          "units": "mg/l",
          "value": NaN,
        },
        "wavelength": {
          "units": "nm",
          "value": 324.754,
        },
      },
      {
        "dilution": {
          "factor": 10,
          "solvent": "Nitric acid 2%",
        },
        "element": "Cu",
        "experimentalConcentration": {
          "units": "mg/l",
          "value": NaN,
        },
        "sampleConcentration": {
          "units": "mg/l",
          "value": NaN,
        },
        "wavelength": {
          "units": "nm",
          "value": 327.395,
        },
      },
    ],
    "reference": "Standard 4",
  },
  {
    "elements": [
      {
        "dilution": {
          "factor": 10,
          "solvent": "Nitric acid 2%",
        },
        "element": "Al",
        "experimentalConcentration": {
          "units": "mg/l",
          "value": 1,
        },
        "sampleConcentration": {
          "units": "mg/l",
          "value": 10,
        },
        "wavelength": {
          "units": "nm",
          "value": 308.215,
        },
      },
      {
        "dilution": {
          "factor": 10,
          "solvent": "Nitric acid 2%",
        },
        "element": "Al",
        "experimentalConcentration": {
          "units": "mg/l",
          "value": 1,
        },
        "sampleConcentration": {
          "units": "mg/l",
          "value": 10,
        },
        "wavelength": {
          "units": "nm",
          "value": 309.271,
        },
      },
      {
        "dilution": {
          "factor": 10,
          "solvent": "Nitric acid 2%",
        },
        "element": "Al",
        "experimentalConcentration": {
          "units": "mg/l",
          "value": 1,
        },
        "sampleConcentration": {
          "units": "mg/l",
          "value": 10,
        },
        "wavelength": {
          "units": "nm",
          "value": 396.152,
        },
      },
      {
        "dilution": {
          "factor": 10,
          "solvent": "Nitric acid 2%",
        },
        "element": "Cu",
        "experimentalConcentration": {
          "units": "mg/l",
          "value": NaN,
        },
        "sampleConcentration": {
          "units": "mg/l",
          "value": NaN,
        },
        "wavelength": {
          "units": "nm",
          "value": 213.598,
        },
      },
      {
        "dilution": {
          "factor": 10,
          "solvent": "Nitric acid 2%",
        },
        "element": "Cu",
        "experimentalConcentration": {
          "units": "mg/l",
          "value": NaN,
        },
        "sampleConcentration": {
          "units": "mg/l",
          "value": NaN,
        },
        "wavelength": {
          "units": "nm",
          "value": 324.754,
        },
      },
      {
        "dilution": {
          "factor": 10,
          "solvent": "Nitric acid 2%",
        },
        "element": "Cu",
        "experimentalConcentration": {
          "units": "mg/l",
          "value": NaN,
        },
        "sampleConcentration": {
          "units": "mg/l",
          "value": NaN,
        },
        "wavelength": {
          "units": "nm",
          "value": 327.395,
        },
      },
    ],
    "reference": "Standard 5",
  },
  {
    "elements": [
      {
        "dilution": {
          "factor": 10,
          "solvent": "Nitric acid 2%",
        },
        "element": "Al",
        "experimentalConcentration": {
          "units": "mg/l",
          "value": 5,
        },
        "sampleConcentration": {
          "units": "mg/l",
          "value": 50,
        },
        "wavelength": {
          "units": "nm",
          "value": 308.215,
        },
      },
      {
        "dilution": {
          "factor": 10,
          "solvent": "Nitric acid 2%",
        },
        "element": "Al",
        "experimentalConcentration": {
          "units": "mg/l",
          "value": 5,
        },
        "sampleConcentration": {
          "units": "mg/l",
          "value": 50,
        },
        "wavelength": {
          "units": "nm",
          "value": 309.271,
        },
      },
      {
        "dilution": {
          "factor": 10,
          "solvent": "Nitric acid 2%",
        },
        "element": "Al",
        "experimentalConcentration": {
          "units": "mg/l",
          "value": 5,
        },
        "sampleConcentration": {
          "units": "mg/l",
          "value": 50,
        },
        "wavelength": {
          "units": "nm",
          "value": 396.152,
        },
      },
      {
        "dilution": {
          "factor": 10,
          "solvent": "Nitric acid 2%",
        },
        "element": "Cu",
        "experimentalConcentration": {
          "units": "mg/l",
          "value": NaN,
        },
        "sampleConcentration": {
          "units": "mg/l",
          "value": NaN,
        },
        "wavelength": {
          "units": "nm",
          "value": 213.598,
        },
      },
      {
        "dilution": {
          "factor": 10,
          "solvent": "Nitric acid 2%",
        },
        "element": "Cu",
        "experimentalConcentration": {
          "units": "mg/l",
          "value": NaN,
        },
        "sampleConcentration": {
          "units": "mg/l",
          "value": NaN,
        },
        "wavelength": {
          "units": "nm",
          "value": 324.754,
        },
      },
      {
        "dilution": {
          "factor": 10,
          "solvent": "Nitric acid 2%",
        },
        "element": "Cu",
        "experimentalConcentration": {
          "units": "mg/l",
          "value": NaN,
        },
        "sampleConcentration": {
          "units": "mg/l",
          "value": NaN,
        },
        "wavelength": {
          "units": "nm",
          "value": 327.395,
        },
      },
    ],
    "reference": "Standard 6",
  },
  {
    "elements": [
      {
        "dilution": {
          "factor": 10,
          "solvent": "Nitric acid 2%",
        },
        "element": "Al",
        "experimentalConcentration": {
          "units": "mg/l",
          "value": 10,
        },
        "sampleConcentration": {
          "units": "mg/l",
          "value": 100,
        },
        "wavelength": {
          "units": "nm",
          "value": 308.215,
        },
      },
      {
        "dilution": {
          "factor": 10,
          "solvent": "Nitric acid 2%",
        },
        "element": "Al",
        "experimentalConcentration": {
          "units": "mg/l",
          "value": 10,
        },
        "sampleConcentration": {
          "units": "mg/l",
          "value": 100,
        },
        "wavelength": {
          "units": "nm",
          "value": 309.271,
        },
      },
      {
        "dilution": {
          "factor": 10,
          "solvent": "Nitric acid 2%",
        },
        "element": "Al",
        "experimentalConcentration": {
          "units": "mg/l",
          "value": 10,
        },
        "sampleConcentration": {
          "units": "mg/l",
          "value": 100,
        },
        "wavelength": {
          "units": "nm",
          "value": 396.152,
        },
      },
      {
        "dilution": {
          "factor": 10,
          "solvent": "Nitric acid 2%",
        },
        "element": "Cu",
        "experimentalConcentration": {
          "units": "mg/l",
          "value": NaN,
        },
        "sampleConcentration": {
          "units": "mg/l",
          "value": NaN,
        },
        "wavelength": {
          "units": "nm",
          "value": 213.598,
        },
      },
      {
        "dilution": {
          "factor": 10,
          "solvent": "Nitric acid 2%",
        },
        "element": "Cu",
        "experimentalConcentration": {
          "units": "mg/l",
          "value": NaN,
        },
        "sampleConcentration": {
          "units": "mg/l",
          "value": NaN,
        },
        "wavelength": {
          "units": "nm",
          "value": 324.754,
        },
      },
      {
        "dilution": {
          "factor": 10,
          "solvent": "Nitric acid 2%",
        },
        "element": "Cu",
        "experimentalConcentration": {
          "units": "mg/l",
          "value": NaN,
        },
        "sampleConcentration": {
          "units": "mg/l",
          "value": NaN,
        },
        "wavelength": {
          "units": "nm",
          "value": 327.395,
        },
      },
    ],
    "reference": "Standard 7",
  },
  {
    "elements": [
      {
        "dilution": {
          "factor": 10,
          "solvent": "Nitric acid 2%",
        },
        "element": "Al",
        "experimentalConcentration": {
          "units": "mg/l",
          "value": NaN,
        },
        "sampleConcentration": {
          "units": "mg/l",
          "value": NaN,
        },
        "wavelength": {
          "units": "nm",
          "value": 308.215,
        },
      },
      {
        "dilution": {
          "factor": 10,
          "solvent": "Nitric acid 2%",
        },
        "element": "Al",
        "experimentalConcentration": {
          "units": "mg/l",
          "value": NaN,
        },
        "sampleConcentration": {
          "units": "mg/l",
          "value": NaN,
        },
        "wavelength": {
          "units": "nm",
          "value": 309.271,
        },
      },
      {
        "dilution": {
          "factor": 10,
          "solvent": "Nitric acid 2%",
        },
        "element": "Al",
        "experimentalConcentration": {
          "units": "mg/l",
          "value": NaN,
        },
        "sampleConcentration": {
          "units": "mg/l",
          "value": NaN,
        },
        "wavelength": {
          "units": "nm",
          "value": 396.152,
        },
      },
      {
        "dilution": {
          "factor": 10,
          "solvent": "Nitric acid 2%",
        },
        "element": "Cu",
        "experimentalConcentration": {
          "units": "mg/l",
          "value": 0.01,
        },
        "sampleConcentration": {
          "units": "mg/l",
          "value": 0.1,
        },
        "wavelength": {
          "units": "nm",
          "value": 213.598,
        },
      },
      {
        "dilution": {
          "factor": 10,
          "solvent": "Nitric acid 2%",
        },
        "element": "Cu",
        "experimentalConcentration": {
          "units": "mg/l",
          "value": 0.01,
        },
        "sampleConcentration": {
          "units": "mg/l",
          "value": 0.1,
        },
        "wavelength": {
          "units": "nm",
          "value": 324.754,
        },
      },
      {
        "dilution": {
          "factor": 10,
          "solvent": "Nitric acid 2%",
        },
        "element": "Cu",
        "experimentalConcentration": {
          "units": "mg/l",
          "value": 0.01,
        },
        "sampleConcentration": {
          "units": "mg/l",
          "value": 0.1,
        },
        "wavelength": {
          "units": "nm",
          "value": 327.395,
        },
      },
    ],
    "reference": "Standard 8",
  },
  {
    "elements": [
      {
        "dilution": {
          "factor": 10,
          "solvent": "Nitric acid 2%",
        },
        "element": "Al",
        "experimentalConcentration": {
          "units": "mg/l",
          "value": NaN,
        },
        "sampleConcentration": {
          "units": "mg/l",
          "value": NaN,
        },
        "wavelength": {
          "units": "nm",
          "value": 308.215,
        },
      },
      {
        "dilution": {
          "factor": 10,
          "solvent": "Nitric acid 2%",
        },
        "element": "Al",
        "experimentalConcentration": {
          "units": "mg/l",
          "value": NaN,
        },
        "sampleConcentration": {
          "units": "mg/l",
          "value": NaN,
        },
        "wavelength": {
          "units": "nm",
          "value": 309.271,
        },
      },
      {
        "dilution": {
          "factor": 10,
          "solvent": "Nitric acid 2%",
        },
        "element": "Al",
        "experimentalConcentration": {
          "units": "mg/l",
          "value": NaN,
        },
        "sampleConcentration": {
          "units": "mg/l",
          "value": NaN,
        },
        "wavelength": {
          "units": "nm",
          "value": 396.152,
        },
      },
      {
        "dilution": {
          "factor": 10,
          "solvent": "Nitric acid 2%",
        },
        "element": "Cu",
        "experimentalConcentration": {
          "units": "mg/l",
          "value": 0.05,
        },
        "sampleConcentration": {
          "units": "mg/l",
          "value": 0.5,
        },
        "wavelength": {
          "units": "nm",
          "value": 213.598,
        },
      },
      {
        "dilution": {
          "factor": 10,
          "solvent": "Nitric acid 2%",
        },
        "element": "Cu",
        "experimentalConcentration": {
          "units": "mg/l",
          "value": 0.05,
        },
        "sampleConcentration": {
          "units": "mg/l",
          "value": 0.5,
        },
        "wavelength": {
          "units": "nm",
          "value": 324.754,
        },
      },
      {
        "dilution": {
          "factor": 10,
          "solvent": "Nitric acid 2%",
        },
        "element": "Cu",
        "experimentalConcentration": {
          "units": "mg/l",
          "value": 0.05,
        },
        "sampleConcentration": {
          "units": "mg/l",
          "value": 0.5,
        },
        "wavelength": {
          "units": "nm",
          "value": 327.395,
        },
      },
    ],
    "reference": "Standard 9",
  },
  {
    "elements": [
      {
        "dilution": {
          "factor": 10,
          "solvent": "Nitric acid 2%",
        },
        "element": "Al",
        "experimentalConcentration": {
          "units": "mg/l",
          "value": NaN,
        },
        "sampleConcentration": {
          "units": "mg/l",
          "value": NaN,
        },
        "wavelength": {
          "units": "nm",
          "value": 308.215,
        },
      },
      {
        "dilution": {
          "factor": 10,
          "solvent": "Nitric acid 2%",
        },
        "element": "Al",
        "experimentalConcentration": {
          "units": "mg/l",
          "value": NaN,
        },
        "sampleConcentration": {
          "units": "mg/l",
          "value": NaN,
        },
        "wavelength": {
          "units": "nm",
          "value": 309.271,
        },
      },
      {
        "dilution": {
          "factor": 10,
          "solvent": "Nitric acid 2%",
        },
        "element": "Al",
        "experimentalConcentration": {
          "units": "mg/l",
          "value": NaN,
        },
        "sampleConcentration": {
          "units": "mg/l",
          "value": NaN,
        },
        "wavelength": {
          "units": "nm",
          "value": 396.152,
        },
      },
      {
        "dilution": {
          "factor": 10,
          "solvent": "Nitric acid 2%",
        },
        "element": "Cu",
        "experimentalConcentration": {
          "units": "mg/l",
          "value": 0.1,
        },
        "sampleConcentration": {
          "units": "mg/l",
          "value": 1,
        },
        "wavelength": {
          "units": "nm",
          "value": 213.598,
        },
      },
      {
        "dilution": {
          "factor": 10,
          "solvent": "Nitric acid 2%",
        },
        "element": "Cu",
        "experimentalConcentration": {
          "units": "mg/l",
          "value": 0.1,
        },
        "sampleConcentration": {
          "units": "mg/l",
          "value": 1,
        },
        "wavelength": {
          "units": "nm",
          "value": 324.754,
        },
      },
      {
        "dilution": {
          "factor": 10,
          "solvent": "Nitric acid 2%",
        },
        "element": "Cu",
        "experimentalConcentration": {
          "units": "mg/l",
          "value": 0.1,
        },
        "sampleConcentration": {
          "units": "mg/l",
          "value": 1,
        },
        "wavelength": {
          "units": "nm",
          "value": 327.395,
        },
      },
    ],
    "reference": "Standard 10",
  },
  {
    "elements": [
      {
        "dilution": {
          "factor": 10,
          "solvent": "Nitric acid 2%",
        },
        "element": "Al",
        "experimentalConcentration": {
          "units": "mg/l",
          "value": NaN,
        },
        "sampleConcentration": {
          "units": "mg/l",
          "value": NaN,
        },
        "wavelength": {
          "units": "nm",
          "value": 308.215,
        },
      },
      {
        "dilution": {
          "factor": 10,
          "solvent": "Nitric acid 2%",
        },
        "element": "Al",
        "experimentalConcentration": {
          "units": "mg/l",
          "value": NaN,
        },
        "sampleConcentration": {
          "units": "mg/l",
          "value": NaN,
        },
        "wavelength": {
          "units": "nm",
          "value": 309.271,
        },
      },
      {
        "dilution": {
          "factor": 10,
          "solvent": "Nitric acid 2%",
        },
        "element": "Al",
        "experimentalConcentration": {
          "units": "mg/l",
          "value": NaN,
        },
        "sampleConcentration": {
          "units": "mg/l",
          "value": NaN,
        },
        "wavelength": {
          "units": "nm",
          "value": 396.152,
        },
      },
      {
        "dilution": {
          "factor": 10,
          "solvent": "Nitric acid 2%",
        },
        "element": "Cu",
        "experimentalConcentration": {
          "units": "mg/l",
          "value": 0.5,
        },
        "sampleConcentration": {
          "units": "mg/l",
          "value": 5,
        },
        "wavelength": {
          "units": "nm",
          "value": 213.598,
        },
      },
      {
        "dilution": {
          "factor": 10,
          "solvent": "Nitric acid 2%",
        },
        "element": "Cu",
        "experimentalConcentration": {
          "units": "mg/l",
          "value": 0.5,
        },
        "sampleConcentration": {
          "units": "mg/l",
          "value": 5,
        },
        "wavelength": {
          "units": "nm",
          "value": 324.754,
        },
      },
      {
        "dilution": {
          "factor": 10,
          "solvent": "Nitric acid 2%",
        },
        "element": "Cu",
        "experimentalConcentration": {
          "units": "mg/l",
          "value": 0.5,
        },
        "sampleConcentration": {
          "units": "mg/l",
          "value": 5,
        },
        "wavelength": {
          "units": "nm",
          "value": 327.395,
        },
      },
    ],
    "reference": "Standard 11",
  },
  {
    "elements": [
      {
        "dilution": {
          "factor": 10,
          "solvent": "Nitric acid 2%",
        },
        "element": "Al",
        "experimentalConcentration": {
          "units": "mg/l",
          "value": NaN,
        },
        "sampleConcentration": {
          "units": "mg/l",
          "value": NaN,
        },
        "wavelength": {
          "units": "nm",
          "value": 308.215,
        },
      },
      {
        "dilution": {
          "factor": 10,
          "solvent": "Nitric acid 2%",
        },
        "element": "Al",
        "experimentalConcentration": {
          "units": "mg/l",
          "value": NaN,
        },
        "sampleConcentration": {
          "units": "mg/l",
          "value": NaN,
        },
        "wavelength": {
          "units": "nm",
          "value": 309.271,
        },
      },
      {
        "dilution": {
          "factor": 10,
          "solvent": "Nitric acid 2%",
        },
        "element": "Al",
        "experimentalConcentration": {
          "units": "mg/l",
          "value": NaN,
        },
        "sampleConcentration": {
          "units": "mg/l",
          "value": NaN,
        },
        "wavelength": {
          "units": "nm",
          "value": 396.152,
        },
      },
      {
        "dilution": {
          "factor": 10,
          "solvent": "Nitric acid 2%",
        },
        "element": "Cu",
        "experimentalConcentration": {
          "units": "mg/l",
          "value": 1,
        },
        "sampleConcentration": {
          "units": "mg/l",
          "value": 10,
        },
        "wavelength": {
          "units": "nm",
          "value": 213.598,
        },
      },
      {
        "dilution": {
          "factor": 10,
          "solvent": "Nitric acid 2%",
        },
        "element": "Cu",
        "experimentalConcentration": {
          "units": "mg/l",
          "value": 1,
        },
        "sampleConcentration": {
          "units": "mg/l",
          "value": 10,
        },
        "wavelength": {
          "units": "nm",
          "value": 324.754,
        },
      },
      {
        "dilution": {
          "factor": 10,
          "solvent": "Nitric acid 2%",
        },
        "element": "Cu",
        "experimentalConcentration": {
          "units": "mg/l",
          "value": 1,
        },
        "sampleConcentration": {
          "units": "mg/l",
          "value": 10,
        },
        "wavelength": {
          "units": "nm",
          "value": 327.395,
        },
      },
    ],
    "reference": "Standard 12",
  },
  {
    "elements": [
      {
        "dilution": {
          "factor": 10,
          "solvent": "Nitric acid 2%",
        },
        "element": "Al",
        "experimentalConcentration": {
          "units": "mg/l",
          "value": NaN,
        },
        "sampleConcentration": {
          "units": "mg/l",
          "value": NaN,
        },
        "wavelength": {
          "units": "nm",
          "value": 308.215,
        },
      },
      {
        "dilution": {
          "factor": 10,
          "solvent": "Nitric acid 2%",
        },
        "element": "Al",
        "experimentalConcentration": {
          "units": "mg/l",
          "value": NaN,
        },
        "sampleConcentration": {
          "units": "mg/l",
          "value": NaN,
        },
        "wavelength": {
          "units": "nm",
          "value": 309.271,
        },
      },
      {
        "dilution": {
          "factor": 10,
          "solvent": "Nitric acid 2%",
        },
        "element": "Al",
        "experimentalConcentration": {
          "units": "mg/l",
          "value": NaN,
        },
        "sampleConcentration": {
          "units": "mg/l",
          "value": NaN,
        },
        "wavelength": {
          "units": "nm",
          "value": 396.152,
        },
      },
      {
        "dilution": {
          "factor": 10,
          "solvent": "Nitric acid 2%",
        },
        "element": "Cu",
        "experimentalConcentration": {
          "units": "mg/l",
          "value": 5,
        },
        "sampleConcentration": {
          "units": "mg/l",
          "value": 50,
        },
        "wavelength": {
          "units": "nm",
          "value": 213.598,
        },
      },
      {
        "dilution": {
          "factor": 10,
          "solvent": "Nitric acid 2%",
        },
        "element": "Cu",
        "experimentalConcentration": {
          "units": "mg/l",
          "value": 5,
        },
        "sampleConcentration": {
          "units": "mg/l",
          "value": 50,
        },
        "wavelength": {
          "units": "nm",
          "value": 324.754,
        },
      },
      {
        "dilution": {
          "factor": 10,
          "solvent": "Nitric acid 2%",
        },
        "element": "Cu",
        "experimentalConcentration": {
          "units": "mg/l",
          "value": 5,
        },
        "sampleConcentration": {
          "units": "mg/l",
          "value": 50,
        },
        "wavelength": {
          "units": "nm",
          "value": 327.395,
        },
      },
    ],
    "reference": "Standard 13",
  },
  {
    "elements": [
      {
        "dilution": {
          "factor": 10,
          "solvent": "Nitric acid 2%",
        },
        "element": "Al",
        "experimentalConcentration": {
          "units": "mg/l",
          "value": NaN,
        },
        "sampleConcentration": {
          "units": "mg/l",
          "value": NaN,
        },
        "wavelength": {
          "units": "nm",
          "value": 308.215,
        },
      },
      {
        "dilution": {
          "factor": 10,
          "solvent": "Nitric acid 2%",
        },
        "element": "Al",
        "experimentalConcentration": {
          "units": "mg/l",
          "value": NaN,
        },
        "sampleConcentration": {
          "units": "mg/l",
          "value": NaN,
        },
        "wavelength": {
          "units": "nm",
          "value": 309.271,
        },
      },
      {
        "dilution": {
          "factor": 10,
          "solvent": "Nitric acid 2%",
        },
        "element": "Al",
        "experimentalConcentration": {
          "units": "mg/l",
          "value": NaN,
        },
        "sampleConcentration": {
          "units": "mg/l",
          "value": NaN,
        },
        "wavelength": {
          "units": "nm",
          "value": 396.152,
        },
      },
      {
        "dilution": {
          "factor": 10,
          "solvent": "Nitric acid 2%",
        },
        "element": "Cu",
        "experimentalConcentration": {
          "units": "mg/l",
          "value": 10,
        },
        "sampleConcentration": {
          "units": "mg/l",
          "value": 100,
        },
        "wavelength": {
          "units": "nm",
          "value": 213.598,
        },
      },
      {
        "dilution": {
          "factor": 10,
          "solvent": "Nitric acid 2%",
        },
        "element": "Cu",
        "experimentalConcentration": {
          "units": "mg/l",
          "value": 10,
        },
        "sampleConcentration": {
          "units": "mg/l",
          "value": 100,
        },
        "wavelength": {
          "units": "nm",
          "value": 324.754,
        },
      },
      {
        "dilution": {
          "factor": 10,
          "solvent": "Nitric acid 2%",
        },
        "element": "Cu",
        "experimentalConcentration": {
          "units": "mg/l",
          "value": 10,
        },
        "sampleConcentration": {
          "units": "mg/l",
          "value": 100,
        },
        "wavelength": {
          "units": "nm",
          "value": 327.395,
        },
      },
    ],
    "reference": "Standard 14",
  },
  {
    "elements": [
      {
        "dilution": {
          "factor": 10,
          "solvent": "Nitric acid 2%",
        },
        "element": "Al",
        "experimentalConcentration": {
          "units": "mg/l",
          "value": 0.01,
        },
        "sampleConcentration": {
          "units": "mg/l",
          "value": 0.1,
        },
        "wavelength": {
          "units": "nm",
          "value": 308.215,
        },
      },
      {
        "dilution": {
          "factor": 10,
          "solvent": "Nitric acid 2%",
        },
        "element": "Al",
        "experimentalConcentration": {
          "units": "mg/l",
          "value": -0.01,
        },
        "sampleConcentration": {
          "units": "mg/l",
          "value": -0.1,
        },
        "wavelength": {
          "units": "nm",
          "value": 309.271,
        },
      },
      {
        "dilution": {
          "factor": 10,
          "solvent": "Nitric acid 2%",
        },
        "element": "Al",
        "experimentalConcentration": {
          "units": "mg/l",
          "value": 0.01,
        },
        "sampleConcentration": {
          "units": "mg/l",
          "value": 0.1,
        },
        "wavelength": {
          "units": "nm",
          "value": 396.152,
        },
      },
      {
        "dilution": {
          "factor": 10,
          "solvent": "Nitric acid 2%",
        },
        "element": "Cu",
        "experimentalConcentration": {
          "units": "mg/l",
          "value": 0.6,
        },
        "sampleConcentration": {
          "units": "mg/l",
          "value": 6,
        },
        "wavelength": {
          "units": "nm",
          "value": 213.598,
        },
      },
      {
        "dilution": {
          "factor": 10,
          "solvent": "Nitric acid 2%",
        },
        "element": "Cu",
        "experimentalConcentration": {
          "units": "mg/l",
          "value": 0.59,
        },
        "sampleConcentration": {
          "units": "mg/l",
          "value": 5.8999999999999995,
        },
        "wavelength": {
          "units": "nm",
          "value": 324.754,
        },
      },
      {
        "dilution": {
          "factor": 10,
          "solvent": "Nitric acid 2%",
        },
        "element": "Cu",
        "experimentalConcentration": {
          "units": "mg/l",
          "value": 0.59,
        },
        "sampleConcentration": {
          "units": "mg/l",
          "value": 5.8999999999999995,
        },
        "wavelength": {
          "units": "nm",
          "value": 327.395,
        },
      },
    ],
    "reference": "patiny_TEST_F1",
  },
  {
    "elements": [
      {
        "dilution": {
          "factor": 10,
          "solvent": "Nitric acid 2%",
        },
        "element": "Al",
        "experimentalConcentration": {
          "units": "mg/l",
          "value": 0.17,
        },
        "sampleConcentration": {
          "units": "mg/l",
          "value": 1.7000000000000002,
        },
        "wavelength": {
          "units": "nm",
          "value": 308.215,
        },
      },
      {
        "dilution": {
          "factor": 10,
          "solvent": "Nitric acid 2%",
        },
        "element": "Al",
        "experimentalConcentration": {
          "units": "mg/l",
          "value": 0.15,
        },
        "sampleConcentration": {
          "units": "mg/l",
          "value": 1.5,
        },
        "wavelength": {
          "units": "nm",
          "value": 309.271,
        },
      },
      {
        "dilution": {
          "factor": 10,
          "solvent": "Nitric acid 2%",
        },
        "element": "Al",
        "experimentalConcentration": {
          "units": "mg/l",
          "value": 0.17,
        },
        "sampleConcentration": {
          "units": "mg/l",
          "value": 1.7000000000000002,
        },
        "wavelength": {
          "units": "nm",
          "value": 396.152,
        },
      },
      {
        "dilution": {
          "factor": 10,
          "solvent": "Nitric acid 2%",
        },
        "element": "Cu",
        "experimentalConcentration": {
          "units": "mg/l",
          "value": 2.6,
        },
        "sampleConcentration": {
          "units": "mg/l",
          "value": 26,
        },
        "wavelength": {
          "units": "nm",
          "value": 213.598,
        },
      },
      {
        "dilution": {
          "factor": 10,
          "solvent": "Nitric acid 2%",
        },
        "element": "Cu",
        "experimentalConcentration": {
          "units": "mg/l",
          "value": 2.58,
        },
        "sampleConcentration": {
          "units": "mg/l",
          "value": 25.8,
        },
        "wavelength": {
          "units": "nm",
          "value": 324.754,
        },
      },
      {
        "dilution": {
          "factor": 10,
          "solvent": "Nitric acid 2%",
        },
        "element": "Cu",
        "experimentalConcentration": {
          "units": "mg/l",
          "value": 2.57,
        },
        "sampleConcentration": {
          "units": "mg/l",
          "value": 25.7,
        },
        "wavelength": {
          "units": "nm",
          "value": 327.395,
        },
      },
    ],
    "reference": "patiny_TEST_F2",
  },
  {
    "elements": [
      {
        "dilution": {
          "factor": 10,
          "solvent": "Nitric acid 2%",
        },
        "element": "Al",
        "experimentalConcentration": {
          "units": "mg/l",
          "value": 0.12,
        },
        "sampleConcentration": {
          "units": "mg/l",
          "value": 1.2,
        },
        "wavelength": {
          "units": "nm",
          "value": 308.215,
        },
      },
      {
        "dilution": {
          "factor": 10,
          "solvent": "Nitric acid 2%",
        },
        "element": "Al",
        "experimentalConcentration": {
          "units": "mg/l",
          "value": 0.1,
        },
        "sampleConcentration": {
          "units": "mg/l",
          "value": 1,
        },
        "wavelength": {
          "units": "nm",
          "value": 309.271,
        },
      },
      {
        "dilution": {
          "factor": 10,
          "solvent": "Nitric acid 2%",
        },
        "element": "Al",
        "experimentalConcentration": {
          "units": "mg/l",
          "value": 0.12,
        },
        "sampleConcentration": {
          "units": "mg/l",
          "value": 1.2,
        },
        "wavelength": {
          "units": "nm",
          "value": 396.152,
        },
      },
      {
        "dilution": {
          "factor": 10,
          "solvent": "Nitric acid 2%",
        },
        "element": "Cu",
        "experimentalConcentration": {
          "units": "mg/l",
          "value": 2.67,
        },
        "sampleConcentration": {
          "units": "mg/l",
          "value": 26.7,
        },
        "wavelength": {
          "units": "nm",
          "value": 213.598,
        },
      },
      {
        "dilution": {
          "factor": 10,
          "solvent": "Nitric acid 2%",
        },
        "element": "Cu",
        "experimentalConcentration": {
          "units": "mg/l",
          "value": 2.66,
        },
        "sampleConcentration": {
          "units": "mg/l",
          "value": 26.6,
        },
        "wavelength": {
          "units": "nm",
          "value": 324.754,
        },
      },
      {
        "dilution": {
          "factor": 10,
          "solvent": "Nitric acid 2%",
        },
        "element": "Cu",
        "experimentalConcentration": {
          "units": "mg/l",
          "value": 2.65,
        },
        "sampleConcentration": {
          "units": "mg/l",
          "value": 26.5,
        },
        "wavelength": {
          "units": "nm",
          "value": 327.395,
        },
      },
    ],
    "reference": "patiny_TEST_F3",
  },
  {
    "elements": [
      {
        "dilution": {
          "factor": 10,
          "solvent": "Nitric acid 2%",
        },
        "element": "Al",
        "experimentalConcentration": {
          "units": "mg/l",
          "value": -0.02,
        },
        "sampleConcentration": {
          "units": "mg/l",
          "value": -0.2,
        },
        "wavelength": {
          "units": "nm",
          "value": 308.215,
        },
      },
      {
        "dilution": {
          "factor": 10,
          "solvent": "Nitric acid 2%",
        },
        "element": "Al",
        "experimentalConcentration": {
          "units": "mg/l",
          "value": -0.04,
        },
        "sampleConcentration": {
          "units": "mg/l",
          "value": -0.4,
        },
        "wavelength": {
          "units": "nm",
          "value": 309.271,
        },
      },
      {
        "dilution": {
          "factor": 10,
          "solvent": "Nitric acid 2%",
        },
        "element": "Al",
        "experimentalConcentration": {
          "units": "mg/l",
          "value": -0.02,
        },
        "sampleConcentration": {
          "units": "mg/l",
          "value": -0.2,
        },
        "wavelength": {
          "units": "nm",
          "value": 396.152,
        },
      },
      {
        "dilution": {
          "factor": 10,
          "solvent": "Nitric acid 2%",
        },
        "element": "Cu",
        "experimentalConcentration": {
          "units": "mg/l",
          "value": 17.15,
        },
        "sampleConcentration": {
          "units": "mg/l",
          "value": 171.5,
        },
        "wavelength": {
          "units": "nm",
          "value": 213.598,
        },
      },
      {
        "dilution": {
          "factor": 10,
          "solvent": "Nitric acid 2%",
        },
        "element": "Cu",
        "experimentalConcentration": {
          "units": "mg/l",
          "value": 16.91,
        },
        "sampleConcentration": {
          "units": "mg/l",
          "value": 169.1,
        },
        "wavelength": {
          "units": "nm",
          "value": 324.754,
        },
      },
      {
        "dilution": {
          "factor": 10,
          "solvent": "Nitric acid 2%",
        },
        "element": "Cu",
        "experimentalConcentration": {
          "units": "mg/l",
          "value": 16.94,
        },
        "sampleConcentration": {
          "units": "mg/l",
          "value": 169.4,
        },
        "wavelength": {
          "units": "nm",
          "value": 327.395,
        },
      },
    ],
    "reference": "patiny_TEST_F4",
  },
]
`;

exports[`no dilution 1`] = `
[
  {
    "elements": [
      {
        "element": "Al",
        "experimentalConcentration": {
          "units": "mg/l",
          "value": 0,
        },
        "wavelength": {
          "units": "nm",
          "value": 308.215,
        },
      },
      {
        "element": "Al",
        "experimentalConcentration": {
          "units": "mg/l",
          "value": 0,
        },
        "wavelength": {
          "units": "nm",
          "value": 309.271,
        },
      },
      {
        "element": "Al",
        "experimentalConcentration": {
          "units": "mg/l",
          "value": 0,
        },
        "wavelength": {
          "units": "nm",
          "value": 396.152,
        },
      },
      {
        "element": "Cu",
        "experimentalConcentration": {
          "units": "mg/l",
          "value": 0,
        },
        "wavelength": {
          "units": "nm",
          "value": 213.598,
        },
      },
      {
        "element": "Cu",
        "experimentalConcentration": {
          "units": "mg/l",
          "value": 0,
        },
        "wavelength": {
          "units": "nm",
          "value": 324.754,
        },
      },
      {
        "element": "Cu",
        "experimentalConcentration": {
          "units": "mg/l",
          "value": 0,
        },
        "wavelength": {
          "units": "nm",
          "value": 327.395,
        },
      },
    ],
    "reference": "Blank",
  },
  {
    "elements": [
      {
        "element": "Al",
        "experimentalConcentration": {
          "units": "mg/l",
          "value": 0.01,
        },
        "wavelength": {
          "units": "nm",
          "value": 308.215,
        },
      },
      {
        "element": "Al",
        "experimentalConcentration": {
          "units": "mg/l",
          "value": 0.01,
        },
        "wavelength": {
          "units": "nm",
          "value": 309.271,
        },
      },
      {
        "element": "Al",
        "experimentalConcentration": {
          "units": "mg/l",
          "value": 0.01,
        },
        "wavelength": {
          "units": "nm",
          "value": 396.152,
        },
      },
      {
        "element": "Cu",
        "experimentalConcentration": {
          "units": "mg/l",
          "value": NaN,
        },
        "wavelength": {
          "units": "nm",
          "value": 213.598,
        },
      },
      {
        "element": "Cu",
        "experimentalConcentration": {
          "units": "mg/l",
          "value": NaN,
        },
        "wavelength": {
          "units": "nm",
          "value": 324.754,
        },
      },
      {
        "element": "Cu",
        "experimentalConcentration": {
          "units": "mg/l",
          "value": NaN,
        },
        "wavelength": {
          "units": "nm",
          "value": 327.395,
        },
      },
    ],
    "reference": "Standard 1",
  },
  {
    "elements": [
      {
        "element": "Al",
        "experimentalConcentration": {
          "units": "mg/l",
          "value": 0.05,
        },
        "wavelength": {
          "units": "nm",
          "value": 308.215,
        },
      },
      {
        "element": "Al",
        "experimentalConcentration": {
          "units": "mg/l",
          "value": 0.05,
        },
        "wavelength": {
          "units": "nm",
          "value": 309.271,
        },
      },
      {
        "element": "Al",
        "experimentalConcentration": {
          "units": "mg/l",
          "value": 0.05,
        },
        "wavelength": {
          "units": "nm",
          "value": 396.152,
        },
      },
      {
        "element": "Cu",
        "experimentalConcentration": {
          "units": "mg/l",
          "value": NaN,
        },
        "wavelength": {
          "units": "nm",
          "value": 213.598,
        },
      },
      {
        "element": "Cu",
        "experimentalConcentration": {
          "units": "mg/l",
          "value": NaN,
        },
        "wavelength": {
          "units": "nm",
          "value": 324.754,
        },
      },
      {
        "element": "Cu",
        "experimentalConcentration": {
          "units": "mg/l",
          "value": NaN,
        },
        "wavelength": {
          "units": "nm",
          "value": 327.395,
        },
      },
    ],
    "reference": "Standard 2",
  },
  {
    "elements": [
      {
        "element": "Al",
        "experimentalConcentration": {
          "units": "mg/l",
          "value": 0.1,
        },
        "wavelength": {
          "units": "nm",
          "value": 308.215,
        },
      },
      {
        "element": "Al",
        "experimentalConcentration": {
          "units": "mg/l",
          "value": 0.1,
        },
        "wavelength": {
          "units": "nm",
          "value": 309.271,
        },
      },
      {
        "element": "Al",
        "experimentalConcentration": {
          "units": "mg/l",
          "value": 0.1,
        },
        "wavelength": {
          "units": "nm",
          "value": 396.152,
        },
      },
      {
        "element": "Cu",
        "experimentalConcentration": {
          "units": "mg/l",
          "value": NaN,
        },
        "wavelength": {
          "units": "nm",
          "value": 213.598,
        },
      },
      {
        "element": "Cu",
        "experimentalConcentration": {
          "units": "mg/l",
          "value": NaN,
        },
        "wavelength": {
          "units": "nm",
          "value": 324.754,
        },
      },
      {
        "element": "Cu",
        "experimentalConcentration": {
          "units": "mg/l",
          "value": NaN,
        },
        "wavelength": {
          "units": "nm",
          "value": 327.395,
        },
      },
    ],
    "reference": "Standard 3",
  },
  {
    "elements": [
      {
        "element": "Al",
        "experimentalConcentration": {
          "units": "mg/l",
          "value": 0.5,
        },
        "wavelength": {
          "units": "nm",
          "value": 308.215,
        },
      },
      {
        "element": "Al",
        "experimentalConcentration": {
          "units": "mg/l",
          "value": 0.5,
        },
        "wavelength": {
          "units": "nm",
          "value": 309.271,
        },
      },
      {
        "element": "Al",
        "experimentalConcentration": {
          "units": "mg/l",
          "value": 0.5,
        },
        "wavelength": {
          "units": "nm",
          "value": 396.152,
        },
      },
      {
        "element": "Cu",
        "experimentalConcentration": {
          "units": "mg/l",
          "value": NaN,
        },
        "wavelength": {
          "units": "nm",
          "value": 213.598,
        },
      },
      {
        "element": "Cu",
        "experimentalConcentration": {
          "units": "mg/l",
          "value": NaN,
        },
        "wavelength": {
          "units": "nm",
          "value": 324.754,
        },
      },
      {
        "element": "Cu",
        "experimentalConcentration": {
          "units": "mg/l",
          "value": NaN,
        },
        "wavelength": {
          "units": "nm",
          "value": 327.395,
        },
      },
    ],
    "reference": "Standard 4",
  },
  {
    "elements": [
      {
        "element": "Al",
        "experimentalConcentration": {
          "units": "mg/l",
          "value": 1,
        },
        "wavelength": {
          "units": "nm",
          "value": 308.215,
        },
      },
      {
        "element": "Al",
        "experimentalConcentration": {
          "units": "mg/l",
          "value": 1,
        },
        "wavelength": {
          "units": "nm",
          "value": 309.271,
        },
      },
      {
        "element": "Al",
        "experimentalConcentration": {
          "units": "mg/l",
          "value": 1,
        },
        "wavelength": {
          "units": "nm",
          "value": 396.152,
        },
      },
      {
        "element": "Cu",
        "experimentalConcentration": {
          "units": "mg/l",
          "value": NaN,
        },
        "wavelength": {
          "units": "nm",
          "value": 213.598,
        },
      },
      {
        "element": "Cu",
        "experimentalConcentration": {
          "units": "mg/l",
          "value": NaN,
        },
        "wavelength": {
          "units": "nm",
          "value": 324.754,
        },
      },
      {
        "element": "Cu",
        "experimentalConcentration": {
          "units": "mg/l",
          "value": NaN,
        },
        "wavelength": {
          "units": "nm",
          "value": 327.395,
        },
      },
    ],
    "reference": "Standard 5",
  },
  {
    "elements": [
      {
        "element": "Al",
        "experimentalConcentration": {
          "units": "mg/l",
          "value": 5,
        },
        "wavelength": {
          "units": "nm",
          "value": 308.215,
        },
      },
      {
        "element": "Al",
        "experimentalConcentration": {
          "units": "mg/l",
          "value": 5,
        },
        "wavelength": {
          "units": "nm",
          "value": 309.271,
        },
      },
      {
        "element": "Al",
        "experimentalConcentration": {
          "units": "mg/l",
          "value": 5,
        },
        "wavelength": {
          "units": "nm",
          "value": 396.152,
        },
      },
      {
        "element": "Cu",
        "experimentalConcentration": {
          "units": "mg/l",
          "value": NaN,
        },
        "wavelength": {
          "units": "nm",
          "value": 213.598,
        },
      },
      {
        "element": "Cu",
        "experimentalConcentration": {
          "units": "mg/l",
          "value": NaN,
        },
        "wavelength": {
          "units": "nm",
          "value": 324.754,
        },
      },
      {
        "element": "Cu",
        "experimentalConcentration": {
          "units": "mg/l",
          "value": NaN,
        },
        "wavelength": {
          "units": "nm",
          "value": 327.395,
        },
      },
    ],
    "reference": "Standard 6",
  },
  {
    "elements": [
      {
        "element": "Al",
        "experimentalConcentration": {
          "units": "mg/l",
          "value": 10,
        },
        "wavelength": {
          "units": "nm",
          "value": 308.215,
        },
      },
      {
        "element": "Al",
        "experimentalConcentration": {
          "units": "mg/l",
          "value": 10,
        },
        "wavelength": {
          "units": "nm",
          "value": 309.271,
        },
      },
      {
        "element": "Al",
        "experimentalConcentration": {
          "units": "mg/l",
          "value": 10,
        },
        "wavelength": {
          "units": "nm",
          "value": 396.152,
        },
      },
      {
        "element": "Cu",
        "experimentalConcentration": {
          "units": "mg/l",
          "value": NaN,
        },
        "wavelength": {
          "units": "nm",
          "value": 213.598,
        },
      },
      {
        "element": "Cu",
        "experimentalConcentration": {
          "units": "mg/l",
          "value": NaN,
        },
        "wavelength": {
          "units": "nm",
          "value": 324.754,
        },
      },
      {
        "element": "Cu",
        "experimentalConcentration": {
          "units": "mg/l",
          "value": NaN,
        },
        "wavelength": {
          "units": "nm",
          "value": 327.395,
        },
      },
    ],
    "reference": "Standard 7",
  },
  {
    "elements": [
      {
        "element": "Al",
        "experimentalConcentration": {
          "units": "mg/l",
          "value": NaN,
        },
        "wavelength": {
          "units": "nm",
          "value": 308.215,
        },
      },
      {
        "element": "Al",
        "experimentalConcentration": {
          "units": "mg/l",
          "value": NaN,
        },
        "wavelength": {
          "units": "nm",
          "value": 309.271,
        },
      },
      {
        "element": "Al",
        "experimentalConcentration": {
          "units": "mg/l",
          "value": NaN,
        },
        "wavelength": {
          "units": "nm",
          "value": 396.152,
        },
      },
      {
        "element": "Cu",
        "experimentalConcentration": {
          "units": "mg/l",
          "value": 0.01,
        },
        "wavelength": {
          "units": "nm",
          "value": 213.598,
        },
      },
      {
        "element": "Cu",
        "experimentalConcentration": {
          "units": "mg/l",
          "value": 0.01,
        },
        "wavelength": {
          "units": "nm",
          "value": 324.754,
        },
      },
      {
        "element": "Cu",
        "experimentalConcentration": {
          "units": "mg/l",
          "value": 0.01,
        },
        "wavelength": {
          "units": "nm",
          "value": 327.395,
        },
      },
    ],
    "reference": "Standard 8",
  },
  {
    "elements": [
      {
        "element": "Al",
        "experimentalConcentration": {
          "units": "mg/l",
          "value": NaN,
        },
        "wavelength": {
          "units": "nm",
          "value": 308.215,
        },
      },
      {
        "element": "Al",
        "experimentalConcentration": {
          "units": "mg/l",
          "value": NaN,
        },
        "wavelength": {
          "units": "nm",
          "value": 309.271,
        },
      },
      {
        "element": "Al",
        "experimentalConcentration": {
          "units": "mg/l",
          "value": NaN,
        },
        "wavelength": {
          "units": "nm",
          "value": 396.152,
        },
      },
      {
        "element": "Cu",
        "experimentalConcentration": {
          "units": "mg/l",
          "value": 0.05,
        },
        "wavelength": {
          "units": "nm",
          "value": 213.598,
        },
      },
      {
        "element": "Cu",
        "experimentalConcentration": {
          "units": "mg/l",
          "value": 0.05,
        },
        "wavelength": {
          "units": "nm",
          "value": 324.754,
        },
      },
      {
        "element": "Cu",
        "experimentalConcentration": {
          "units": "mg/l",
          "value": 0.05,
        },
        "wavelength": {
          "units": "nm",
          "value": 327.395,
        },
      },
    ],
    "reference": "Standard 9",
  },
  {
    "elements": [
      {
        "element": "Al",
        "experimentalConcentration": {
          "units": "mg/l",
          "value": NaN,
        },
        "wavelength": {
          "units": "nm",
          "value": 308.215,
        },
      },
      {
        "element": "Al",
        "experimentalConcentration": {
          "units": "mg/l",
          "value": NaN,
        },
        "wavelength": {
          "units": "nm",
          "value": 309.271,
        },
      },
      {
        "element": "Al",
        "experimentalConcentration": {
          "units": "mg/l",
          "value": NaN,
        },
        "wavelength": {
          "units": "nm",
          "value": 396.152,
        },
      },
      {
        "element": "Cu",
        "experimentalConcentration": {
          "units": "mg/l",
          "value": 0.1,
        },
        "wavelength": {
          "units": "nm",
          "value": 213.598,
        },
      },
      {
        "element": "Cu",
        "experimentalConcentration": {
          "units": "mg/l",
          "value": 0.1,
        },
        "wavelength": {
          "units": "nm",
          "value": 324.754,
        },
      },
      {
        "element": "Cu",
        "experimentalConcentration": {
          "units": "mg/l",
          "value": 0.1,
        },
        "wavelength": {
          "units": "nm",
          "value": 327.395,
        },
      },
    ],
    "reference": "Standard 10",
  },
  {
    "elements": [
      {
        "element": "Al",
        "experimentalConcentration": {
          "units": "mg/l",
          "value": NaN,
        },
        "wavelength": {
          "units": "nm",
          "value": 308.215,
        },
      },
      {
        "element": "Al",
        "experimentalConcentration": {
          "units": "mg/l",
          "value": NaN,
        },
        "wavelength": {
          "units": "nm",
          "value": 309.271,
        },
      },
      {
        "element": "Al",
        "experimentalConcentration": {
          "units": "mg/l",
          "value": NaN,
        },
        "wavelength": {
          "units": "nm",
          "value": 396.152,
        },
      },
      {
        "element": "Cu",
        "experimentalConcentration": {
          "units": "mg/l",
          "value": 0.5,
        },
        "wavelength": {
          "units": "nm",
          "value": 213.598,
        },
      },
      {
        "element": "Cu",
        "experimentalConcentration": {
          "units": "mg/l",
          "value": 0.5,
        },
        "wavelength": {
          "units": "nm",
          "value": 324.754,
        },
      },
      {
        "element": "Cu",
        "experimentalConcentration": {
          "units": "mg/l",
          "value": 0.5,
        },
        "wavelength": {
          "units": "nm",
          "value": 327.395,
        },
      },
    ],
    "reference": "Standard 11",
  },
  {
    "elements": [
      {
        "element": "Al",
        "experimentalConcentration": {
          "units": "mg/l",
          "value": NaN,
        },
        "wavelength": {
          "units": "nm",
          "value": 308.215,
        },
      },
      {
        "element": "Al",
        "experimentalConcentration": {
          "units": "mg/l",
          "value": NaN,
        },
        "wavelength": {
          "units": "nm",
          "value": 309.271,
        },
      },
      {
        "element": "Al",
        "experimentalConcentration": {
          "units": "mg/l",
          "value": NaN,
        },
        "wavelength": {
          "units": "nm",
          "value": 396.152,
        },
      },
      {
        "element": "Cu",
        "experimentalConcentration": {
          "units": "mg/l",
          "value": 1,
        },
        "wavelength": {
          "units": "nm",
          "value": 213.598,
        },
      },
      {
        "element": "Cu",
        "experimentalConcentration": {
          "units": "mg/l",
          "value": 1,
        },
        "wavelength": {
          "units": "nm",
          "value": 324.754,
        },
      },
      {
        "element": "Cu",
        "experimentalConcentration": {
          "units": "mg/l",
          "value": 1,
        },
        "wavelength": {
          "units": "nm",
          "value": 327.395,
        },
      },
    ],
    "reference": "Standard 12",
  },
  {
    "elements": [
      {
        "element": "Al",
        "experimentalConcentration": {
          "units": "mg/l",
          "value": NaN,
        },
        "wavelength": {
          "units": "nm",
          "value": 308.215,
        },
      },
      {
        "element": "Al",
        "experimentalConcentration": {
          "units": "mg/l",
          "value": NaN,
        },
        "wavelength": {
          "units": "nm",
          "value": 309.271,
        },
      },
      {
        "element": "Al",
        "experimentalConcentration": {
          "units": "mg/l",
          "value": NaN,
        },
        "wavelength": {
          "units": "nm",
          "value": 396.152,
        },
      },
      {
        "element": "Cu",
        "experimentalConcentration": {
          "units": "mg/l",
          "value": 5,
        },
        "wavelength": {
          "units": "nm",
          "value": 213.598,
        },
      },
      {
        "element": "Cu",
        "experimentalConcentration": {
          "units": "mg/l",
          "value": 5,
        },
        "wavelength": {
          "units": "nm",
          "value": 324.754,
        },
      },
      {
        "element": "Cu",
        "experimentalConcentration": {
          "units": "mg/l",
          "value": 5,
        },
        "wavelength": {
          "units": "nm",
          "value": 327.395,
        },
      },
    ],
    "reference": "Standard 13",
  },
  {
    "elements": [
      {
        "element": "Al",
        "experimentalConcentration": {
          "units": "mg/l",
          "value": NaN,
        },
        "wavelength": {
          "units": "nm",
          "value": 308.215,
        },
      },
      {
        "element": "Al",
        "experimentalConcentration": {
          "units": "mg/l",
          "value": NaN,
        },
        "wavelength": {
          "units": "nm",
          "value": 309.271,
        },
      },
      {
        "element": "Al",
        "experimentalConcentration": {
          "units": "mg/l",
          "value": NaN,
        },
        "wavelength": {
          "units": "nm",
          "value": 396.152,
        },
      },
      {
        "element": "Cu",
        "experimentalConcentration": {
          "units": "mg/l",
          "value": 10,
        },
        "wavelength": {
          "units": "nm",
          "value": 213.598,
        },
      },
      {
        "element": "Cu",
        "experimentalConcentration": {
          "units": "mg/l",
          "value": 10,
        },
        "wavelength": {
          "units": "nm",
          "value": 324.754,
        },
      },
      {
        "element": "Cu",
        "experimentalConcentration": {
          "units": "mg/l",
          "value": 10,
        },
        "wavelength": {
          "units": "nm",
          "value": 327.395,
        },
      },
    ],
    "reference": "Standard 14",
  },
  {
    "elements": [
      {
        "element": "Al",
        "experimentalConcentration": {
          "units": "mg/l",
          "value": 0.01,
        },
        "wavelength": {
          "units": "nm",
          "value": 308.215,
        },
      },
      {
        "element": "Al",
        "experimentalConcentration": {
          "units": "mg/l",
          "value": -0.01,
        },
        "wavelength": {
          "units": "nm",
          "value": 309.271,
        },
      },
      {
        "element": "Al",
        "experimentalConcentration": {
          "units": "mg/l",
          "value": 0.01,
        },
        "wavelength": {
          "units": "nm",
          "value": 396.152,
        },
      },
      {
        "element": "Cu",
        "experimentalConcentration": {
          "units": "mg/l",
          "value": 0.6,
        },
        "wavelength": {
          "units": "nm",
          "value": 213.598,
        },
      },
      {
        "element": "Cu",
        "experimentalConcentration": {
          "units": "mg/l",
          "value": 0.59,
        },
        "wavelength": {
          "units": "nm",
          "value": 324.754,
        },
      },
      {
        "element": "Cu",
        "experimentalConcentration": {
          "units": "mg/l",
          "value": 0.59,
        },
        "wavelength": {
          "units": "nm",
          "value": 327.395,
        },
      },
    ],
    "reference": "patiny_TEST_F1",
  },
  {
    "elements": [
      {
        "element": "Al",
        "experimentalConcentration": {
          "units": "mg/l",
          "value": 0.17,
        },
        "wavelength": {
          "units": "nm",
          "value": 308.215,
        },
      },
      {
        "element": "Al",
        "experimentalConcentration": {
          "units": "mg/l",
          "value": 0.15,
        },
        "wavelength": {
          "units": "nm",
          "value": 309.271,
        },
      },
      {
        "element": "Al",
        "experimentalConcentration": {
          "units": "mg/l",
          "value": 0.17,
        },
        "wavelength": {
          "units": "nm",
          "value": 396.152,
        },
      },
      {
        "element": "Cu",
        "experimentalConcentration": {
          "units": "mg/l",
          "value": 2.6,
        },
        "wavelength": {
          "units": "nm",
          "value": 213.598,
        },
      },
      {
        "element": "Cu",
        "experimentalConcentration": {
          "units": "mg/l",
          "value": 2.58,
        },
        "wavelength": {
          "units": "nm",
          "value": 324.754,
        },
      },
      {
        "element": "Cu",
        "experimentalConcentration": {
          "units": "mg/l",
          "value": 2.57,
        },
        "wavelength": {
          "units": "nm",
          "value": 327.395,
        },
      },
    ],
    "reference": "patiny_TEST_F2",
  },
  {
    "elements": [
      {
        "element": "Al",
        "experimentalConcentration": {
          "units": "mg/l",
          "value": 0.12,
        },
        "wavelength": {
          "units": "nm",
          "value": 308.215,
        },
      },
      {
        "element": "Al",
        "experimentalConcentration": {
          "units": "mg/l",
          "value": 0.1,
        },
        "wavelength": {
          "units": "nm",
          "value": 309.271,
        },
      },
      {
        "element": "Al",
        "experimentalConcentration": {
          "units": "mg/l",
          "value": 0.12,
        },
        "wavelength": {
          "units": "nm",
          "value": 396.152,
        },
      },
      {
        "element": "Cu",
        "experimentalConcentration": {
          "units": "mg/l",
          "value": 2.67,
        },
        "wavelength": {
          "units": "nm",
          "value": 213.598,
        },
      },
      {
        "element": "Cu",
        "experimentalConcentration": {
          "units": "mg/l",
          "value": 2.66,
        },
        "wavelength": {
          "units": "nm",
          "value": 324.754,
        },
      },
      {
        "element": "Cu",
        "experimentalConcentration": {
          "units": "mg/l",
          "value": 2.65,
        },
        "wavelength": {
          "units": "nm",
          "value": 327.395,
        },
      },
    ],
    "reference": "patiny_TEST_F3",
  },
  {
    "elements": [
      {
        "element": "Al",
        "experimentalConcentration": {
          "units": "mg/l",
          "value": -0.02,
        },
        "wavelength": {
          "units": "nm",
          "value": 308.215,
        },
      },
      {
        "element": "Al",
        "experimentalConcentration": {
          "units": "mg/l",
          "value": -0.04,
        },
        "wavelength": {
          "units": "nm",
          "value": 309.271,
        },
      },
      {
        "element": "Al",
        "experimentalConcentration": {
          "units": "mg/l",
          "value": -0.02,
        },
        "wavelength": {
          "units": "nm",
          "value": 396.152,
        },
      },
      {
        "element": "Cu",
        "experimentalConcentration": {
          "units": "mg/l",
          "value": 17.15,
        },
        "wavelength": {
          "units": "nm",
          "value": 213.598,
        },
      },
      {
        "element": "Cu",
        "experimentalConcentration": {
          "units": "mg/l",
          "value": 16.91,
        },
        "wavelength": {
          "units": "nm",
          "value": 324.754,
        },
      },
      {
        "element": "Cu",
        "experimentalConcentration": {
          "units": "mg/l",
          "value": 16.94,
        },
        "wavelength": {
          "units": "nm",
          "value": 327.395,
        },
      },
    ],
    "reference": "patiny_TEST_F4",
  },
]
`;
